2026-09-25 14:24:12,135  INFO      Starting Xiaomi 17 price monitor
2026-09-25 14:24:12,138  INFO      Target URL  : https://www.amazon.in/XIAOMI-Snapdragon-CrystalRes-HyperCharge-3500nits/dp/B0GMQDDRX8/ref=sr_1_1?crid=30LC62BV6JD4S&dib=eyJ2IjoiMSJ9.KHg4pxQZVKnlH7ScSkhLjAEHK5plCQBm-BpNctVsak8TU_TOacEPrexNGJXMg3bQUQgiZqPsDiBDyvboUpdZ6HQmXTawb2ktOWf1a7qz0ms3O3op12kmt4Q-nUdD_Q0Obd7o0IhNuKVBD6APXvjwyELkUx18GI-xtGShCPqIS28gmyAnDI4NhD1eRhrvMU7rxJKoqVD9GsYWOqQngmG95WaSIIlZYLZEqQ4h05INfaXAZPRKzgYa22Ma-D3SE3J9yJVuS3PNU0udVGWj3gqljbHlIJqK0A-mZE-jb3f6F20.a0RjDQutE-7of-95NElayYQOp8E-ithFGv0fUXTTg08&dib_tag=se&keywords=xiaomi%2B17&qid=1790322730&s=electronics&sprefix=%2Celectronics%2C1079&sr=1-1&th=1https://www.amazon.in/dp/B0GMQDDRX8
2026-09-25 14:24:12,139  INFO      Threshold   : ₹90,000
2026-09-25 14:24:12,141  INFO      Poll every  : 300s
2026-09-25 14:24:12,143  INFO      Ntfy topic  : https://ntfy.sh/xiaomi17-price-ranjith42
2026-09-25 14:24:12,857  WARNING   Could not parse price from page (page may have CAPTCHA or product not listed yet).
2026-09-25 14:24:12,858  WARNING   [14:24:12] Price unavailable — will retry in 300s
2026-09-25 14:24:51,838  INFO      Starting Xiaomi 17 price monitor
2026-09-25 14:24:51,890  INFO      Target URL  : https://www.amazon.in/XIAOMI-Snapdragon-CrystalRes-HyperCharge-3500nits/dp/B0GMQDDRX8/ref=sr_1_1?crid=30LC62BV6JD4S&dib=eyJ2IjoiMSJ9.KHg4pxQZVKnlH7ScSkhLjAEHK5plCQBm-BpNctVsak8TU_TOacEPrexNGJXMg3bQUQgiZqPsDiBDyvboUpdZ6HQmXTawb2ktOWf1a7qz0ms3O3op12kmt4Q-nUdD_Q0Obd7o0IhNuKVBD6APXvjwyELkUx18GI-xtGShCPqIS28gmyAnDI4NhD1eRhrvMU7rxJKoqVD9GsYWOqQngmG95WaSIIlZYLZEqQ4h05INfaXAZPRKzgYa22Ma-D3SE3J9yJVuS3PNU0udVGWj3gqljbHlIJqK0A-mZE-jb3f6F20.a0RjDQutE-7of-95NElayYQOp8E-ithFGv0fUXTTg08&dib_tag=se&keywords=xiaomi%2B17&qid=1790322730&s=electronics&sprefix=%2Celectronics%2C1079&sr=1-1&th=1https://www.amazon.in/dp/B0GMQDDRX8
2026-09-25 14:24:51,899  INFO      Threshold   : ₹70,000
2026-09-25 14:24:51,902  INFO      Poll every  : 300s
2026-09-25 14:24:51,904  INFO      Ntfy topic  : https://ntfy.sh/xiaomi17-price-ranjith42
2026-09-25 14:24:52,614  WARNING   Could not parse price from page (page may have CAPTCHA or product not listed yet).
2026-09-25 14:24:52,629  WARNING   [14:24:52] Price unavailable — will retry in 300s
2026-09-25 14:25:49,984  INFO      Starting Xiaomi 17 price monitor
2026-09-25 14:25:50,002  INFO      Target URL  : https://www.amazon.in/XIAOMI-Snapdragon-CrystalRes-HyperCharge-3500nits/dp/B0GMQDDRX8/ref=sr_1_1?crid=30LC62BV6JD4S&dib=eyJ2IjoiMSJ9.KHg4pxQZVKnlH7ScSkhLjAEHK5plCQBm-BpNctVsak8TU_TOacEPrexNGJXMg3bQUQgiZqPsDiBDyvboUpdZ6HQmXTawb2ktOWf1a7qz0ms3O3op12kmt4Q-nUdD_Q0Obd7o0IhNuKVBD6APXvjwyELkUx18GI-xtGShCPqIS28gmyAnDI4NhD1eRhrvMU7rxJKoqVD9GsYWOqQngmG95WaSIIlZYLZEqQ4h05INfaXAZPRKzgYa22Ma-D3SE3J9yJVuS3PNU0udVGWj3gqljbHlIJqK0A-mZE-jb3f6F20.a0RjDQutE-7of-95NElayYQOp8E-ithFGv0fUXTTg08&dib_tag=se&keywords=xiaomi%2B17&qid=1790322730&s=electronics&sprefix=%2Celectronics%2C1079&sr=1-1&th=1https://www.amazon.in/dp/B0GMQDDRX8
2026-09-25 14:25:50,007  INFO      Threshold   : ₹90,000
2026-09-25 14:25:50,008  INFO      Poll every  : 300s
2026-09-25 14:25:50,009  INFO      Ntfy topic  : https://ntfy.sh/xiaomi17-price-ranjith42
2026-09-25 14:25:50,622  WARNING   Could not parse price from page (page may have CAPTCHA or product not listed yet).
2026-09-25 14:25:50,624  WARNING   [14:25:50] Price unavailable — will retry in 300s
2026-09-25 14:26:33,739  INFO      Starting Xiaomi 17 price monitor
2026-09-25 14:26:33,751  INFO      Target URL  : https://www.amazon.in/XIAOMI-Snapdragon-CrystalRes-HyperCharge-3500nits/dp/B0GMQDDRX8/ref=sr_1_1?crid=30LC62BV6JD4S&dib=eyJ2IjoiMSJ9.KHg4pxQZVKnlH7ScSkhLjAEHK5plCQBm-BpNctVsak8TU_TOacEPrexNGJXMg3bQUQgiZqPsDiBDyvboUpdZ6HQmXTawb2ktOWf1a7qz0ms3O3op12kmt4Q-nUdD_Q0Obd7o0IhNuKVBD6APXvjwyELkUx18GI-xtGShCPqIS28gmyAnDI4NhD1eRhrvMU7rxJKoqVD9GsYWOqQngmG95WaSIIlZYLZEqQ4h05INfaXAZPRKzgYa22Ma-D3SE3J9yJVuS3PNU0udVGWj3gqljbHlIJqK0A-mZE-jb3f6F20.a0RjDQutE-7of-95NElayYQOp8E-ithFGv0fUXTTg08&dib_tag=se&keywords=xiaomi%2B17&qid=1790322730&s=electronics&sprefix=%2Celectronics%2C1079&sr=1-1&th=1https://www.amazon.in/dp/B0GMQDDRX8
2026-09-25 14:26:33,752  INFO      Threshold   : ₹90,000
2026-09-25 14:26:33,754  INFO      Poll every  : 300s
2026-09-25 14:26:33,756  INFO      Ntfy topic  : https://ntfy.sh/xiaomi17-price-ranjith42
2026-09-25 14:26:34,360  WARNING   Could not parse price from page (page may have CAPTCHA or product not listed yet).
2026-09-25 14:26:34,389  WARNING   [14:26:34] Price unavailable — will retry in 300s
2026-09-25 14:27:19,673  INFO      Starting Xiaomi 17 price monitor
2026-09-25 14:27:19,682  INFO      Target URL  : https://www.amazon.in/dp/B0GMQDDRX8
2026-09-25 14:27:19,684  INFO      Threshold   : ₹90,000
2026-09-25 14:27:19,685  INFO      Poll every  : 300s
2026-09-25 14:27:19,686  INFO      Ntfy topic  : https://ntfy.sh/xiaomi17-price-ranjith42
2026-09-25 14:27:20,406  WARNING   Could not parse price from page (page may have CAPTCHA or product not listed yet).
2026-09-25 14:27:20,412  WARNING   [14:27:20] Price unavailable — will retry in 300s
2026-09-25 14:29:27,619  INFO      Starting Xiaomi 17 price monitor
2026-09-25 14:29:27,640  INFO      Target URL  : https://www.amazon.in/dp/B0GMQDDRX8
2026-09-25 14:29:27,641  INFO      Threshold   : ₹90,000
2026-09-25 14:29:27,642  INFO      Poll every  : 300s
2026-09-25 14:29:27,643  INFO      Ntfy topic  : https://ntfy.sh/xiaomi17-price-ranjith42
2026-09-25 14:29:27,661  WARNING   Failed to fetch page: HTTPSConnectionPool(host='www.amazon.in', port=443): Max retries exceeded with url: /dp/B0GMQDDRX8 (Caused by NameResolutionError("HTTPSConnection(host='www.amazon.in', port=443): Failed to resolve 'www.amazon.in' ([Errno 11001] getaddrinfo failed)"))
2026-09-25 14:29:27,661  WARNING   [14:29:27] Price unavailable — will retry in 300s
2026-09-25 14:30:27,097  INFO      Starting Xiaomi 17 price monitor
2026-09-25 14:30:27,111  INFO      Target URL  : https://www.amazon.in/dp/B0GMQDDRX8
2026-09-25 14:30:27,115  INFO      Threshold   : ₹90,000
2026-09-25 14:30:27,118  INFO      Poll every  : 300s
2026-09-25 14:30:27,127  INFO      Ntfy topic  : https://ntfy.sh/xiaomi17-price-ranjith42
2026-09-25 14:30:28,573  WARNING   Could not parse price from page (page may have CAPTCHA or product not listed yet).
2026-09-25 14:30:28,580  WARNING   [14:30:28] Price unavailable — will retry in 300s
2026-09-25 14:34:52,250  INFO      Starting Xiaomi 17 price monitor
2026-09-25 14:34:52,255  INFO      Target URL  : https://www.amazon.in/dp/B0GMQDDRX8
2026-09-25 14:34:52,256  INFO      Threshold   : ₹90,000
2026-09-25 14:34:52,256  INFO      Poll every  : 300s
2026-09-25 14:34:52,257  INFO      Ntfy topic  : https://ntfy.sh/xiaomi17-price-ranjith42
2026-09-25 14:35:03,649  INFO      [14:35:03] Current price: ₹89,999
2026-09-25 14:35:03,656  INFO      🎯 PRICE BELOW THRESHOLD — sending alert!
2026-09-25 14:35:04,486  ERROR     Ntfy send failed: 'latin-1' codec can't encode character '\U0001f6a8' in position 0: ordinal not in range(256)
2026-09-25 14:36:44,273  INFO      Starting Xiaomi 17 price monitor
2026-09-25 14:36:44,278  INFO      Target URL  : https://www.amazon.in/dp/B0GMQDDRX8
2026-09-25 14:36:44,279  INFO      Threshold   : ₹70,000
2026-09-25 14:36:44,280  INFO      Poll every  : 300s
2026-09-25 14:36:44,280  INFO      Ntfy topic  : https://ntfy.sh/xiaomi17-price-ranjith42
2026-09-25 14:36:54,875  INFO      [14:36:54] Current price: ₹89,999
2026-09-25 14:42:02,559  INFO      [14:42:02] Current price: ₹89,999
2026-09-25 14:47:21,538  INFO      [14:47:21] Current price: ₹89,999
2026-09-25 14:52:42,819  INFO      [14:52:42] Current price: ₹89,999
2026-09-25 14:57:53,536  INFO      [14:57:53] Current price: ₹89,999
2026-09-25 15:03:02,309  INFO      [15:03:02] Current price: ₹89,999
2026-09-25 15:08:12,007  INFO      [15:08:12] Current price: ₹89,999
2026-09-25 15:13:18,813  INFO      [15:13:18] Current price: ₹89,999
2026-09-25 15:18:27,740  INFO      [15:18:27] Current price: ₹89,999
2026-09-25 15:23:35,984  INFO      [15:23:35] Current price: ₹89,999
2026-09-25 15:28:44,652  INFO      [15:28:44] Current price: ₹89,999
2026-09-25 15:33:53,428  INFO      [15:33:53] Current price: ₹89,999
2026-09-25 15:39:06,984  INFO      [15:39:06] Current price: ₹89,999
2026-09-25 15:44:18,876  INFO      [15:44:18] Current price: ₹89,999
2026-09-25 15:49:29,132  INFO      [15:49:29] Current price: ₹89,999
2026-09-25 15:54:39,544  INFO      [15:54:39] Current price: ₹89,999
2026-09-25 15:59:49,390  INFO      [15:59:49] Current price: ₹89,999
2026-09-25 16:04:59,399  INFO      [16:04:59] Current price: ₹89,999
2026-09-25 16:10:08,931  INFO      [16:10:08] Current price: ₹89,999
2026-09-25 16:15:19,029  INFO      [16:15:19] Current price: ₹89,999
2026-09-25 16:20:29,629  INFO      [16:20:29] Current price: ₹89,999
2026-09-25 16:25:39,524  INFO      [16:25:39] Current price: ₹89,999
2026-09-25 16:30:50,671  INFO      [16:30:50] Current price: ₹89,999
2026-09-25 16:36:02,452  INFO      [16:36:02] Current price: ₹89,999
2026-09-25 16:41:13,693  INFO      [16:41:13] Current price: ₹89,999
2026-09-25 16:46:30,121  INFO      [16:46:30] Current price: ₹89,999
2026-09-25 16:51:41,044  INFO      [16:51:41] Current price: ₹89,999
2026-09-25 17:07:12,970  INFO      [17:07:12] Current price: ₹89,999
2026-09-25 17:12:23,141  INFO      [17:12:23] Current price: ₹89,999
2026-09-25 17:17:38,767  INFO      [17:17:38] Current price: ₹89,999
2026-09-25 17:22:52,546  INFO      [17:22:52] Current price: ₹89,999
2026-09-25 17:28:02,833  INFO      [17:28:02] Current price: ₹89,999
2026-09-25 17:33:13,079  INFO      [17:33:13] Current price: ₹89,999
2026-09-25 17:38:25,326  INFO      [17:38:25] Current price: ₹89,999
2026-09-25 17:43:38,263  INFO      [17:43:38] Current price: ₹89,999
2026-09-25 17:48:48,224  INFO      [17:48:48] Current price: ₹89,999
2026-09-25 17:54:02,797  INFO      [17:54:02] Current price: ₹89,999
2026-09-25 17:59:14,206  INFO      [17:59:14] Current price: ₹89,999
2026-09-25 18:04:26,248  INFO      [18:04:26] Current price: ₹89,999
2026-09-25 18:09:36,926  INFO      [18:09:36] Current price: ₹89,999
2026-09-25 18:14:47,243  INFO      [18:14:47] Current price: ₹89,999
2026-09-25 18:19:57,872  INFO      [18:19:57] Current price: ₹89,999
2026-09-25 18:25:06,403  INFO      [18:25:06] Current price: ₹89,999
2026-09-25 18:36:21,707  INFO      [18:36:21] Current price: ₹89,999
2026-09-25 18:41:34,717  INFO      [18:41:34] Current price: ₹89,999
2026-09-25 18:46:48,486  INFO      [18:46:48] Current price: ₹89,999
2026-09-25 18:51:57,670  INFO      [18:51:57] Current price: ₹89,999
